started_at: 2026-08-31T16:56:08+08:00
cwd: /data/yecx/Jigsaw_Puzzles_V2
command: /home/jaxon/anaconda3/envs/jigsaw_puzzle/bin/python -m s1_based_on_metric_learning.s1a4_eval_jpleg_profiled_large_neighborhood_reassembly --dataset jpleg5 --split test --data-root /data/yecx/Jigsaw_Puzzles_V2/datasets/MET_Dataset --checkpoint /data/yecx/Jigsaw_Puzzles_V2/s1_based_on_metric_learning/logs/s1a_train_jpleg/jpleg5/hard_triplet_d128_s224_2026-07-28-23-27-31/checkpoints/best.pth --start-index 0 --max-samples 0 --translation-mode fixed --completion-beam-width 1 --partial-completion-beam-width 2 --mutual-top-k 3 --component-index 0 --min-component-size 4 --refinement-rounds 1 --score-batch-size 128 --postprocess true --device auto --gpu-id 0 --output-dir /data/yecx/Jigsaw_Puzzles_V2/s1_based_on_metric_learning/eval_result/s1a4_ablation_experiment/table5_20260831_151109_138601/runs/jpleg/reliability_destroy_fixed_b1 --save-visuals false --visual-limit 0 --save-predictions false --save-completion-details false --progress-interval 25

在 JPLEG5 test 上评估 S1A4：samples=2000, grid=5x5, initial_solver=Gallagher, beam=1
[25/2000] sample 24: no_strict_e1_improvement, rounds=0/1, completion=current:-1, PA 40.00%->40.00%->44.00%->44.00%, AA 51.68%->51.68%->50.56%->50.56%, SRA 81.80%->81.80%->83.70%->83.70%
[50/2000] sample 49: no_strict_e1_improvement, rounds=0/1, completion=current:-1, PA 28.00%->28.00%->32.00%->32.00%, AA 40.40%->41.76%->41.76%->41.76%, SRA 77.55%->78.10%->81.45%->81.45%
[75/2000] sample 74: no_strict_e1_improvement, rounds=0/1, completion=current:-1, PA 33.33%->33.33%->37.33%->37.33%, AA 44.69%->45.60%->45.76%->45.76%, SRA 79.80%->80.17%->83.00%->83.00%
[100/2000] sample 99: no_strict_e1_improvement, rounds=0/1, completion=current:-1, PA 31.00%->31.00%->36.00%->36.00%, AA 45.20%->45.12%->45.92%->45.92%, SRA 79.03%->79.35%->82.65%->82.65%
[125/2000] sample 124: no_strict_e1_improvement, rounds=0/1, completion=current:-1, PA 31.20%->32.00%->36.00%->36.00%, AA 45.44%->45.54%->46.14%->46.14%, SRA 79.36%->79.82%->82.82%->82.82%
[150/2000] sample 149: no_strict_e1_improvement, rounds=0/1, completion=current:-1, PA 31.33%->32.00%->37.33%->37.33%, AA 45.52%->45.60%->46.40%->46.40%, SRA 79.48%->79.87%->82.92%->82.92%
[175/2000] sample 174: no_strict_e1_improvement, rounds=0/1, completion=current:-1, PA 31.43%->32.00%->36.57%->36.57%, AA 44.96%->45.49%->46.17%->46.17%, SRA 78.87%->79.34%->82.20%->82.20%
[200/2000] sample 199: no_strict_e1_improvement, rounds=0/1, completion=current:-1, PA 31.00%->31.50%->36.00%->36.00%, AA 44.06%->44.52%->45.22%->45.22%, SRA 79.05%->79.61%->82.30%->82.30%
[225/2000] sample 224: max_rounds, rounds=1/1, completion=s1a3_greedy:0, PA 31.11%->31.56%->35.56%->35.56%, AA 42.81%->43.22%->43.84%->43.84%, SRA 78.58%->79.18%->81.80%->81.80%
[250/2000] sample 249: max_rounds, rounds=1/1, completion=s1a3_greedy:0, PA 29.60%->30.00%->35.60%->35.60%, AA 42.11%->42.70%->43.73%->43.73%, SRA 77.79%->78.38%->81.44%->81.44%
[275/2000] sample 274: no_strict_e1_improvement, rounds=0/1, completion=current:-1, PA 29.09%->29.45%->34.91%->34.91%, AA 41.96%->42.50%->43.67%->43.67%, SRA 77.64%->78.17%->81.10%->81.10%
[300/2000] sample 299: no_strict_e1_improvement, rounds=0/1, completion=current:-1, PA 29.33%->29.67%->35.00%->35.00%, AA 42.52%->42.84%->44.13%->44.13%, SRA 77.80%->78.40%->81.41%->81.41%
[325/2000] sample 324: no_strict_e1_improvement, rounds=0/1, completion=current:-1, PA 29.23%->29.54%->34.15%->34.15%, AA 41.76%->42.31%->43.34%->43.34%, SRA 77.53%->78.25%->81.10%->81.10%
[350/2000] sample 349: max_rounds, rounds=1/1, completion=s1a3_greedy:0, PA 28.29%->28.57%->33.43%->33.43%, AA 41.60%->42.11%->43.15%->43.15%, SRA 77.00%->77.67%->80.46%->80.46%
[375/2000] sample 374: no_strict_e1_improvement, rounds=0/1, completion=current:-1, PA 28.80%->29.07%->33.87%->33.87%, AA 42.23%->42.71%->43.74%->43.74%, SRA 76.67%->77.37%->80.21%->80.21%
[400/2000] sample 399: max_rounds, rounds=1/1, completion=s1a3_greedy:0, PA 28.00%->28.25%->32.75%->32.75%, AA 41.45%->41.90%->42.88%->42.88%, SRA 76.24%->76.89%->79.67%->79.67%
[425/2000] sample 424: no_strict_e1_improvement, rounds=0/1, completion=current:-1, PA 28.47%->28.71%->32.94%->32.94%, AA 41.64%->42.06%->42.89%->42.89%, SRA 76.04%->76.66%->79.59%->79.59%
[450/2000] sample 449: no_strict_e1_improvement, rounds=0/1, completion=current:-1, PA 28.89%->29.11%->33.33%->33.33%, AA 41.88%->42.28%->43.14%->43.14%, SRA 76.02%->76.67%->79.71%->79.71%
[475/2000] sample 474: max_rounds, rounds=1/1, completion=s1a3_greedy:0, PA 29.47%->29.68%->33.89%->33.89%, AA 42.59%->42.97%->43.89%->43.89%, SRA 76.26%->76.87%->79.95%->79.95%
[500/2000] sample 499: partial_completed__max_rounds, rounds=1/1, completion=s1a3_greedy:0, PA 29.80%->30.00%->34.00%->34.00%, AA 42.72%->43.08%->43.99%->43.99%, SRA 76.32%->76.92%->79.97%->79.97%
[525/2000] sample 524: no_strict_e1_improvement, rounds=0/1, completion=current:-1, PA 29.33%->29.52%->33.71%->33.71%, AA 42.36%->42.70%->43.64%->43.64%, SRA 76.10%->76.68%->79.76%->79.76%
[550/2000] sample 549: no_strict_e1_improvement, rounds=0/1, completion=current:-1, PA 29.45%->29.64%->33.64%->33.64%, AA 42.27%->42.61%->43.51%->43.51%, SRA 76.14%->76.71%->79.71%->79.71%
[575/2000] sample 574: no_strict_e1_improvement, rounds=0/1, completion=current:-1, PA 29.22%->29.39%->33.39%->33.39%, AA 42.25%->42.72%->43.54%->43.54%, SRA 76.02%->76.62%->79.56%->79.56%
[600/2000] sample 599: no_strict_e1_improvement, rounds=0/1, completion=current:-1, PA 29.33%->29.50%->33.50%->33.50%, AA 42.23%->42.68%->43.51%->43.51%, SRA 75.94%->76.51%->79.38%->79.38%
[625/2000] sample 624: no_strict_e1_improvement, rounds=0/1, completion=current:-1, PA 29.60%->29.76%->33.76%->33.76%, AA 42.31%->42.75%->43.55%->43.55%, SRA 76.07%->76.62%->79.46%->79.46%
[650/2000] sample 649: no_strict_e1_improvement, rounds=0/1, completion=current:-1, PA 28.92%->29.08%->33.23%->33.23%, AA 41.52%->41.94%->42.68%->42.68%, SRA 75.88%->76.44%->79.31%->79.31%
[675/2000] sample 674: no_strict_e1_improvement, rounds=0/1, completion=current:-1, PA 28.59%->28.74%->32.74%->32.74%, AA 41.40%->41.81%->42.52%->42.52%, SRA 75.83%->76.40%->79.22%->79.22%
[700/2000] sample 699: no_strict_e1_improvement, rounds=0/1, completion=current:-1, PA 29.14%->29.29%->33.14%->33.14%, AA 41.95%->42.37%->43.06%->43.06%, SRA 76.21%->76.78%->79.53%->79.53%
[725/2000] sample 724: no_strict_e1_improvement, rounds=0/1, completion=current:-1, PA 29.38%->29.52%->33.52%->33.52%, AA 42.26%->42.65%->43.35%->43.35%, SRA 76.53%->77.08%->79.83%->79.83%
[750/2000] sample 749: no_strict_e1_improvement, rounds=0/1, completion=current:-1, PA 30.40%->30.53%->34.40%->34.40%, AA 43.04%->43.42%->44.14%->44.14%, SRA 76.88%->77.41%->80.18%->80.18%
[775/2000] sample 774: no_strict_e1_improvement, rounds=0/1, completion=current:-1, PA 31.61%->31.74%->35.48%->35.48%, AA 44.07%->44.45%->45.15%->45.15%, SRA 77.34%->77.89%->80.62%->80.62%
[800/2000] sample 799: no_strict_e1_improvement, rounds=0/1, completion=current:-1, PA 31.75%->31.87%->35.50%->35.50%, AA 44.27%->44.65%->45.34%->45.34%, SRA 77.41%->77.96%->80.66%->80.66%
[825/2000] sample 824: no_strict_e1_improvement, rounds=0/1, completion=current:-1, PA 32.61%->32.73%->36.24%->36.24%, AA 44.74%->45.21%->45.88%->45.88%, SRA 77.83%->78.40%->81.02%->81.02%
[850/2000] sample 849: no_strict_e1_improvement, rounds=0/1, completion=current:-1, PA 33.18%->33.29%->36.71%->36.71%, AA 45.24%->45.70%->46.35%->46.35%, SRA 78.15%->78.70%->81.29%->81.29%
[875/2000] sample 874: no_strict_e1_improvement, rounds=0/1, completion=current:-1, PA 33.49%->33.60%->37.14%->37.14%, AA 45.59%->46.05%->46.75%->46.75%, SRA 78.32%->78.88%->81.46%->81.46%
[900/2000] sample 899: no_strict_e1_improvement, rounds=0/1, completion=current:-1, PA 34.00%->34.11%->37.78%->37.78%, AA 46.11%->46.51%->47.21%->47.21%, SRA 78.59%->79.15%->81.74%->81.74%
[925/2000] sample 924: no_strict_e1_improvement, rounds=0/1, completion=current:-1, PA 34.27%->34.38%->38.05%->38.05%, AA 46.28%->46.67%->47.39%->47.39%, SRA 78.81%->79.37%->81.92%->81.92%
[950/2000] sample 949: max_rounds, rounds=1/1, completion=s1a3_greedy:0, PA 34.21%->34.32%->38.21%->38.21%, AA 46.37%->46.75%->47.48%->47.48%, SRA 79.02%->79.57%->82.10%->82.10%
[975/2000] sample 974: no_strict_e1_improvement, rounds=0/1, completion=current:-1, PA 34.46%->34.56%->38.56%->38.56%, AA 46.68%->47.06%->47.79%->47.79%, SRA 79.14%->79.68%->82.24%->82.24%
[1000/2000] sample 999: no_strict_e1_improvement, rounds=0/1, completion=current:-1, PA 34.80%->34.90%->38.80%->38.80%, AA 46.85%->47.22%->47.93%->47.93%, SRA 79.34%->79.88%->82.41%->82.41%
[1025/2000] sample 1024: max_rounds, rounds=1/1, completion=s1a3_greedy:0, PA 35.12%->35.22%->39.02%->39.02%, AA 46.99%->47.35%->48.02%->48.02%, SRA 79.43%->79.95%->82.47%->82.47%
[1050/2000] sample 1049: no_strict_e1_improvement, rounds=0/1, completion=current:-1, PA 35.43%->35.52%->39.52%->39.52%, AA 47.30%->47.71%->48.40%->48.40%, SRA 79.52%->80.04%->82.53%->82.53%
[1075/2000] sample 1074: no_strict_e1_improvement, rounds=0/1, completion=current:-1, PA 35.91%->36.00%->39.91%->39.91%, AA 47.62%->48.03%->48.69%->48.69%, SRA 79.80%->80.30%->82.77%->82.77%
[1100/2000] sample 1099: no_strict_e1_improvement, rounds=0/1, completion=current:-1, PA 36.00%->36.09%->40.00%->40.00%, AA 47.57%->47.97%->48.63%->48.63%, SRA 79.85%->80.33%->82.82%->82.82%
[1125/2000] sample 1124: no_strict_e1_improvement, rounds=0/1, completion=current:-1, PA 35.91%->36.00%->39.91%->39.91%, AA 47.53%->47.93%->48.61%->48.61%, SRA 79.91%->80.39%->82.85%->82.85%
[1150/2000] sample 1149: max_rounds, rounds=1/1, completion=s1a3_greedy:0, PA 36.26%->36.35%->40.26%->40.26%, AA 47.86%->48.24%->48.93%->48.93%, SRA 80.06%->80.53%->82.97%->82.97%
[1175/2000] sample 1174: no_strict_e1_improvement, rounds=0/1, completion=current:-1, PA 36.34%->36.43%->40.34%->40.34%, AA 47.81%->48.19%->48.86%->48.86%, SRA 80.15%->80.63%->83.03%->83.03%
[1200/2000] sample 1199: no_strict_e1_improvement, rounds=0/1, completion=current:-1, PA 36.50%->36.58%->40.50%->40.50%, AA 47.96%->48.33%->49.00%->49.00%, SRA 80.37%->80.83%->83.19%->83.19%
[1225/2000] sample 1224: no_strict_e1_improvement, rounds=0/1, completion=current:-1, PA 37.06%->37.14%->40.98%->40.98%, AA 48.38%->48.74%->49.39%->49.39%, SRA 80.59%->81.04%->83.38%->83.38%
[1250/2000] sample 1249: no_strict_e1_improvement, rounds=0/1, completion=current:-1, PA 37.12%->37.20%->41.12%->41.12%, AA 48.36%->48.71%->49.36%->49.36%, SRA 80.70%->81.15%->83.49%->83.49%
[1275/2000] sample 1274: no_strict_e1_improvement, rounds=0/1, completion=current:-1, PA 37.33%->37.49%->41.33%->41.33%, AA 48.48%->48.91%->49.54%->49.54%, SRA 80.84%->81.30%->83.64%->83.64%
[1300/2000] sample 1299: no_strict_e1_improvement, rounds=0/1, completion=current:-1, PA 37.69%->37.85%->41.62%->41.62%, AA 48.68%->49.10%->49.73%->49.73%, SRA 81.06%->81.50%->83.83%->83.83%
[1325/2000] sample 1324: no_strict_e1_improvement, rounds=0/1, completion=current:-1, PA 37.89%->38.04%->41.74%->41.74%, AA 48.87%->49.28%->49.90%->49.90%, SRA 81.16%->81.60%->83.92%->83.92%
[1350/2000] sample 1349: no_strict_e1_improvement, rounds=0/1, completion=current:-1, PA 38.22%->38.37%->42.07%->42.07%, AA 49.12%->49.53%->50.16%->50.16%, SRA 81.34%->81.77%->84.09%->84.09%
[1375/2000] sample 1374: max_rounds, rounds=1/1, completion=s1a3_greedy:0, PA 38.40%->38.55%->42.25%->42.25%, AA 49.23%->49.66%->50.29%->50.29%, SRA 81.42%->81.86%->84.17%->84.17%
[1400/2000] sample 1399: no_strict_e1_improvement, rounds=0/1, completion=current:-1, PA 38.43%->38.57%->42.21%->42.21%, AA 49.09%->49.51%->50.13%->50.13%, SRA 81.55%->81.98%->84.25%->84.25%
[1425/2000] sample 1424: no_strict_e1_improvement, rounds=0/1, completion=current:-1, PA 38.81%->38.95%->42.67%->42.67%, AA 49.47%->49.88%->50.50%->50.50%, SRA 81.72%->82.14%->84.40%->84.40%
[1450/2000] sample 1449: no_strict_e1_improvement, rounds=0/1, completion=current:-1, PA 38.90%->39.03%->42.83%->42.83%, AA 49.60%->50.00%->50.63%->50.63%, SRA 81.83%->82.25%->84.51%->84.51%
[1475/2000] sample 1474: no_strict_e1_improvement, rounds=0/1, completion=current:-1, PA 38.98%->39.12%->42.92%->42.92%, AA 49.59%->49.99%->50.62%->50.62%, SRA 81.94%->82.35%->84.60%->84.60%
[1500/2000] sample 1499: no_strict_e1_improvement, rounds=0/1, completion=current:-1, PA 39.20%->39.40%->43.20%->43.20%, AA 49.88%->50.29%->50.90%->50.90%, SRA 82.08%->82.50%->84.74%->84.74%
[1525/2000] sample 1524: no_strict_e1_improvement, rounds=0/1, completion=current:-1, PA 39.08%->39.28%->43.02%->43.02%, AA 49.67%->50.07%->50.67%->50.67%, SRA 82.12%->82.54%->84.77%->84.77%
[1550/2000] sample 1549: no_strict_e1_improvement, rounds=0/1, completion=current:-1, PA 39.10%->39.29%->43.03%->43.03%, AA 49.64%->50.04%->50.64%->50.64%, SRA 82.22%->82.64%->84.85%->84.85%
[1575/2000] sample 1574: no_strict_e1_improvement, rounds=0/1, completion=current:-1, PA 39.11%->39.30%->43.05%->43.05%, AA 49.59%->49.98%->50.58%->50.58%, SRA 82.30%->82.71%->84.92%->84.92%
[1600/2000] sample 1599: max_rounds, rounds=1/1, completion=s1a3_greedy:0, PA 39.06%->39.25%->42.94%->42.94%, AA 49.44%->49.82%->50.40%->50.40%, SRA 82.34%->82.74%->84.94%->84.94%
[1625/2000] sample 1624: no_strict_e1_improvement, rounds=0/1, completion=current:-1, PA 39.32%->39.51%->43.14%->43.14%, AA 49.54%->49.92%->50.49%->50.49%, SRA 82.44%->82.83%->85.02%->85.02%
[1650/2000] sample 1649: max_rounds, rounds=1/1, completion=s1a3_greedy:0, PA 39.45%->39.64%->43.27%->43.27%, AA 49.64%->50.01%->50.57%->50.57%, SRA 82.52%->82.91%->85.07%->85.07%
[1675/2000] sample 1674: no_strict_e1_improvement, rounds=0/1, completion=current:-1, PA 39.40%->39.58%->43.16%->43.16%, AA 49.48%->49.85%->50.41%->50.41%, SRA 82.52%->82.91%->85.04%->85.04%
[1700/2000] sample 1699: no_strict_e1_improvement, rounds=0/1, completion=current:-1, PA 39.53%->39.76%->43.35%->43.35%, AA 49.57%->49.95%->50.51%->50.51%, SRA 82.63%->83.02%->85.14%->85.14%
[1725/2000] sample 1724: no_strict_e1_improvement, rounds=0/1, completion=current:-1, PA 39.42%->39.65%->43.25%->43.25%, AA 49.43%->49.80%->50.35%->50.35%, SRA 82.63%->83.02%->85.17%->85.17%
[1750/2000] sample 1749: max_rounds, rounds=1/1, completion=s1a3_greedy:0, PA 39.49%->39.71%->43.31%->43.31%, AA 49.46%->49.83%->50.37%->50.37%, SRA 82.74%->83.12%->85.27%->85.27%
[1775/2000] sample 1774: no_strict_e1_improvement, rounds=0/1, completion=current:-1, PA 39.66%->39.89%->43.44%->43.44%, AA 49.55%->49.91%->50.44%->50.44%, SRA 82.86%->83.24%->85.35%->85.35%
[1800/2000] sample 1799: no_strict_e1_improvement, rounds=0/1, completion=current:-1, PA 39.61%->39.83%->43.39%->43.39%, AA 49.46%->49.82%->50.34%->50.34%, SRA 82.93%->83.31%->85.41%->85.41%
[1825/2000] sample 1824: no_strict_e1_improvement, rounds=0/1, completion=current:-1, PA 39.62%->39.84%->43.34%->43.34%, AA 49.40%->49.76%->50.27%->50.27%, SRA 82.97%->83.34%->85.43%->85.43%
[1850/2000] sample 1849: no_strict_e1_improvement, rounds=0/1, completion=current:-1, PA 39.51%->39.73%->43.30%->43.30%, AA 49.31%->49.66%->50.19%->50.19%, SRA 83.01%->83.38%->85.47%->85.47%
[1875/2000] sample 1874: no_strict_e1_improvement, rounds=0/1, completion=current:-1, PA 39.52%->39.79%->43.31%->43.31%, AA 49.27%->49.63%->50.15%->50.15%, SRA 83.10%->83.48%->85.55%->85.55%
[1900/2000] sample 1899: no_strict_e1_improvement, rounds=0/1, completion=current:-1, PA 39.79%->40.05%->43.58%->43.58%, AA 49.50%->49.85%->50.37%->50.37%, SRA 83.19%->83.57%->85.63%->85.63%
[1925/2000] sample 1924: no_strict_e1_improvement, rounds=0/1, completion=current:-1, PA 39.84%->40.16%->43.64%->43.64%, AA 49.54%->49.92%->50.43%->50.43%, SRA 83.25%->83.65%->85.69%->85.69%
[1950/2000] sample 1949: no_strict_e1_improvement, rounds=0/1, completion=current:-1, PA 39.79%->40.10%->43.59%->43.59%, AA 49.41%->49.79%->50.30%->50.30%, SRA 83.28%->83.68%->85.71%->85.71%
[1975/2000] sample 1974: max_rounds, rounds=1/1, completion=s1a3_greedy:0, PA 39.70%->40.00%->43.44%->43.44%, AA 49.28%->49.65%->50.16%->50.16%, SRA 83.32%->83.72%->85.74%->85.74%
[2000/2000] sample 1999: no_strict_e1_improvement, rounds=0/1, completion=current:-1, PA 39.65%->39.95%->43.50%->43.50%, AA 49.41%->49.78%->50.31%->50.31%, SRA 83.36%->83.76%->85.80%->85.80%
device: cuda:0
Final PA (Gallagher -> completion -> S1A3 -> S1A4): 39.6500% -> 39.9500% -> 43.5000% -> 43.5000%
Final AA (Gallagher -> completion -> S1A3 -> S1A4): 49.4120% -> 49.7760% -> 50.3100% -> 50.3100%
Final SRA (Gallagher -> completion -> S1A3 -> S1A4): 83.3612% -> 83.7588% -> 85.7950% -> 85.7950%
Partial completion diagnostics: {'beam_width': 2, 'applied_samples': 67, 'failed_samples': 0, 'complete_after_completion': 2000, 'repaired_to_perfect': 6, 'improved_puzzles': 25, 'damaged_puzzles': 4}
Search diagnostics: {'evaluated_poses': 1991, 'recorded_pose_rows': 748, 'evaluated_completion_hypotheses': 1991, 'recorded_completion_rows': 0, 'pose_diagnostics_complete': False, 'poses_improved_over_s1a3_greedy': 0, 'selected_non_greedy_poses': 0}
Saved: /data/yecx/Jigsaw_Puzzles_V2/s1_based_on_metric_learning/eval_result/s1a4_ablation_experiment/table5_20260831_151109_138601/runs/jpleg/reliability_destroy_fixed_b1

finished_at: 2026-08-31T16:59:17+08:00
return_code: 0
elapsed_seconds: 188.779
