started_at: 2026-08-31T15:11:09+08:00
cwd: /data/yecx/Jigsaw_Puzzles_V2
command: /home/jaxon/anaconda3/envs/jigsaw_puzzle/bin/python -m s1_based_on_metric_learning.s1a4_eval_lsej_profiled_large_neighborhood_reassembly --task grid10_erode2 --split test --data-root /data/yecx/Jigsaw_Puzzles_V2/datasets/ImageNet_LSEJ/ImageNet_LSEJ --checkpoint /data/yecx/Jigsaw_Puzzles_V2/s1_based_on_metric_learning/logs/s1a_train_lsej/grid10_erode2/hard_triplet_d128_s224_k15_2026-07-25-10-22-41/checkpoints/best.pth --start-index 0 --max-samples 0 --translation-mode fixed --completion-beam-width 1 --partial-completion-beam-width 2 --mutual-top-k 3 --component-index 0 --min-component-size 4 --refinement-rounds 1 --score-batch-size 128 --postprocess true --device auto --gpu-id 0 --output-dir /data/yecx/Jigsaw_Puzzles_V2/s1_based_on_metric_learning/eval_result/s1a4_ablation_experiment/table5_20260831_151109_138601/runs/lsej/reliability_destroy_fixed_b1 --save-visuals false --visual-limit 0 --save-predictions false --save-completion-details false --progress-interval 25 --loss-type hard_triplet

[25/2000] LSEJ_000167: no_strict_e1_improvement, rounds=0/1, completion=current:-1, PA 44.00%->44.00%->48.00%->48.00%, AA 71.36%->71.36%->72.88%->72.88%, SRA 85.71%->85.71%->87.96%->87.96%
[50/2000] LSEJ_000318: no_strict_e1_improvement, rounds=0/1, completion=current:-1, PA 46.00%->46.00%->54.00%->54.00%, AA 72.80%->74.66%->75.78%->75.78%, SRA 87.80%->88.00%->89.80%->89.80%
[75/2000] LSEJ_000476: no_strict_e1_improvement, rounds=0/1, completion=current:-1, PA 44.00%->45.33%->54.67%->54.67%, AA 74.47%->77.04%->78.03%->78.03%, SRA 88.73%->89.01%->90.33%->90.33%
[100/2000] LSEJ_000638: max_rounds, rounds=1/1, completion=s1a3_greedy:0, PA 45.00%->46.00%->55.00%->55.00%, AA 75.07%->77.08%->78.04%->78.04%, SRA 88.96%->89.24%->90.63%->90.63%
[125/2000] LSEJ_000795: no_strict_e1_improvement, rounds=0/1, completion=current:-1, PA 48.80%->49.60%->60.00%->60.00%, AA 77.15%->79.27%->80.54%->80.54%, SRA 89.96%->90.29%->91.87%->91.87%
[150/2000] LSEJ_000942: max_rounds, rounds=1/1, completion=s1a3_greedy:0, PA 47.33%->48.00%->58.00%->58.00%, AA 76.10%->78.13%->79.79%->79.79%, SRA 89.19%->89.50%->91.35%->91.35%
[175/2000] LSEJ_001085: max_rounds, rounds=1/1, completion=s1a3_greedy:0, PA 45.14%->45.71%->56.57%->56.57%, AA 75.51%->77.26%->78.78%->78.78%, SRA 88.64%->88.94%->90.74%->90.74%
[200/2000] LSEJ_001241: max_rounds, rounds=1/1, completion=s1a3_greedy:0, PA 45.00%->45.50%->58.00%->58.00%, AA 75.64%->77.63%->79.22%->79.22%, SRA 88.69%->89.05%->91.07%->91.07%
[225/2000] LSEJ_001389: no_strict_e1_improvement, rounds=0/1, completion=current:-1, PA 45.33%->45.78%->58.22%->58.22%, AA 75.64%->77.85%->79.56%->79.56%, SRA 88.82%->89.23%->91.35%->91.35%
[250/2000] LSEJ_001545: no_strict_e1_improvement, rounds=0/1, completion=current:-1, PA 46.40%->46.80%->58.40%->58.40%, AA 75.69%->77.70%->79.44%->79.44%, SRA 88.62%->89.08%->91.10%->91.10%
[275/2000] LSEJ_001693: max_rounds, rounds=1/1, completion=s1a3_greedy:0, PA 46.91%->47.27%->58.55%->58.55%, AA 76.81%->78.64%->80.34%->80.34%, SRA 88.95%->89.37%->91.31%->91.31%
[300/2000] LSEJ_001844: max_rounds, rounds=1/1, completion=s1a3_greedy:0, PA 47.33%->47.67%->58.00%->58.00%, AA 77.16%->78.84%->80.44%->80.44%, SRA 89.21%->89.60%->91.52%->91.52%
[325/2000] LSEJ_002006: no_strict_e1_improvement, rounds=0/1, completion=current:-1, PA 48.31%->48.62%->59.38%->59.38%, AA 77.45%->79.17%->80.73%->80.73%, SRA 89.18%->89.58%->91.45%->91.45%
[350/2000] LSEJ_002149: no_strict_e1_improvement, rounds=0/1, completion=current:-1, PA 49.14%->49.43%->59.43%->59.43%, AA 77.56%->79.15%->80.76%->80.76%, SRA 89.35%->89.72%->91.61%->91.61%
[375/2000] LSEJ_002305: no_strict_e1_improvement, rounds=0/1, completion=current:-1, PA 49.87%->50.13%->59.73%->59.73%, AA 77.55%->79.03%->80.58%->80.58%, SRA 89.54%->89.89%->91.74%->91.74%
[400/2000] LSEJ_002451: no_strict_e1_improvement, rounds=0/1, completion=current:-1, PA 49.25%->49.50%->58.50%->58.50%, AA 76.77%->78.32%->79.84%->79.84%, SRA 89.30%->89.65%->91.54%->91.54%
[425/2000] LSEJ_002599: no_strict_e1_improvement, rounds=0/1, completion=current:-1, PA 48.00%->48.24%->57.41%->57.41%, AA 76.46%->77.93%->79.46%->79.46%, SRA 89.13%->89.47%->91.35%->91.35%
[450/2000] LSEJ_002749: no_strict_e1_improvement, rounds=0/1, completion=current:-1, PA 47.56%->47.78%->57.11%->57.11%, AA 76.80%->78.19%->79.75%->79.75%, SRA 89.23%->89.56%->91.49%->91.49%
[475/2000] LSEJ_002897: no_strict_e1_improvement, rounds=0/1, completion=current:-1, PA 46.95%->47.16%->56.21%->56.21%, AA 76.55%->77.88%->79.52%->79.52%, SRA 89.17%->89.49%->91.41%->91.41%
[500/2000] LSEJ_003045: no_strict_e1_improvement, rounds=0/1, completion=current:-1, PA 46.80%->47.00%->56.40%->56.40%, AA 76.42%->77.68%->79.30%->79.30%, SRA 89.35%->89.65%->91.59%->91.59%
[525/2000] LSEJ_003185: max_rounds, rounds=1/1, completion=s1a3_greedy:0, PA 46.86%->47.05%->56.38%->56.38%, AA 76.60%->77.80%->79.40%->79.40%, SRA 89.39%->89.69%->91.61%->91.61%
[550/2000] LSEJ_003334: no_strict_e1_improvement, rounds=0/1, completion=current:-1, PA 47.09%->47.27%->56.73%->56.73%, AA 76.75%->77.90%->79.53%->79.53%, SRA 89.44%->89.72%->91.63%->91.63%
[575/2000] LSEJ_003493: max_rounds, rounds=1/1, completion=s1a3_greedy:0, PA 47.13%->47.48%->56.70%->56.70%, AA 76.81%->78.08%->79.62%->79.62%, SRA 89.50%->89.82%->91.64%->91.64%
[600/2000] LSEJ_003657: max_rounds, rounds=1/1, completion=s1a3_greedy:0, PA 47.83%->48.17%->57.00%->57.00%, AA 76.84%->78.14%->79.66%->79.66%, SRA 89.55%->89.87%->91.68%->91.68%
[625/2000] LSEJ_003802: no_strict_e1_improvement, rounds=0/1, completion=current:-1, PA 48.00%->48.32%->57.28%->57.28%, AA 76.95%->78.20%->79.74%->79.74%, SRA 89.53%->89.84%->91.68%->91.68%
[650/2000] LSEJ_003939: max_rounds, rounds=1/1, completion=s1a3_greedy:0, PA 48.00%->48.31%->57.38%->57.38%, AA 77.12%->78.33%->79.83%->79.83%, SRA 89.69%->89.98%->91.79%->91.79%
[675/2000] LSEJ_004089: no_strict_e1_improvement, rounds=0/1, completion=current:-1, PA 48.00%->48.30%->57.19%->57.19%, AA 77.52%->78.68%->80.17%->80.17%, SRA 89.81%->90.10%->91.88%->91.88%
[700/2000] LSEJ_004224: max_rounds, rounds=1/1, completion=s1a3_greedy:0, PA 47.57%->47.86%->56.43%->56.43%, AA 77.30%->78.42%->79.85%->79.85%, SRA 89.67%->89.94%->91.68%->91.68%
[725/2000] LSEJ_004390: partial_completed__max_rounds, rounds=1/1, completion=s1a3_greedy:0, PA 46.90%->47.17%->55.59%->55.59%, AA 76.93%->78.01%->79.47%->79.47%, SRA 89.41%->89.67%->91.40%->91.40%
[750/2000] LSEJ_004533: no_strict_e1_improvement, rounds=0/1, completion=current:-1, PA 46.40%->46.67%->54.80%->54.80%, AA 76.35%->77.39%->78.75%->78.75%, SRA 89.27%->89.53%->91.24%->91.24%
[775/2000] LSEJ_004680: max_rounds, rounds=1/1, completion=s1a3_greedy:0, PA 46.06%->46.32%->54.45%->54.45%, AA 76.17%->77.25%->78.60%->78.60%, SRA 89.12%->89.42%->91.14%->91.14%
[800/2000] LSEJ_004830: no_strict_e1_improvement, rounds=0/1, completion=current:-1, PA 45.38%->45.62%->53.87%->53.87%, AA 75.97%->77.04%->78.41%->78.41%, SRA 88.88%->89.20%->90.90%->90.90%
[825/2000] LSEJ_004985: max_rounds, rounds=1/1, completion=s1a3_greedy:0, PA 44.97%->45.21%->53.58%->53.58%, AA 75.68%->76.71%->78.09%->78.09%, SRA 88.78%->89.10%->90.79%->90.79%
[850/2000] LSEJ_005115: no_strict_e1_improvement, rounds=0/1, completion=current:-1, PA 45.18%->45.41%->53.53%->53.53%, AA 76.05%->77.05%->78.42%->78.42%, SRA 88.91%->89.21%->90.88%->90.88%
[875/2000] LSEJ_005283: no_strict_e1_improvement, rounds=0/1, completion=current:-1, PA 45.49%->45.71%->53.71%->53.71%, AA 76.10%->77.18%->78.51%->78.51%, SRA 89.05%->89.35%->91.01%->91.01%
[900/2000] LSEJ_005438: no_strict_e1_improvement, rounds=0/1, completion=current:-1, PA 44.89%->45.11%->52.89%->52.89%, AA 75.10%->76.15%->77.45%->77.45%, SRA 88.78%->89.08%->90.71%->90.71%
[925/2000] LSEJ_005573: no_strict_e1_improvement, rounds=0/1, completion=current:-1, PA 44.65%->44.86%->52.43%->52.43%, AA 75.00%->76.03%->77.30%->77.30%, SRA 88.69%->88.99%->90.59%->90.59%
[950/2000] LSEJ_005717: no_strict_e1_improvement, rounds=0/1, completion=current:-1, PA 44.42%->44.63%->52.00%->52.00%, AA 74.76%->75.85%->77.10%->77.10%, SRA 88.70%->88.99%->90.64%->90.64%
[975/2000] LSEJ_005858: no_strict_e1_improvement, rounds=0/1, completion=current:-1, PA 44.00%->44.21%->51.79%->51.79%, AA 74.53%->75.60%->76.86%->76.86%, SRA 88.58%->88.88%->90.51%->90.51%
[1000/2000] LSEJ_006011: max_rounds, rounds=1/1, completion=s1a3_greedy:0, PA 43.80%->44.00%->51.50%->51.50%, AA 74.17%->75.22%->76.43%->76.43%, SRA 88.44%->88.73%->90.33%->90.33%
[1025/2000] LSEJ_006154: no_strict_e1_improvement, rounds=0/1, completion=current:-1, PA 43.32%->43.51%->51.02%->51.02%, AA 74.09%->75.11%->76.34%->76.34%, SRA 88.35%->88.63%->90.29%->90.29%
[1050/2000] LSEJ_006306: max_rounds, rounds=1/1, completion=s1a3_greedy:0, PA 42.86%->43.05%->50.57%->50.57%, AA 73.93%->74.92%->76.21%->76.21%, SRA 88.14%->88.42%->90.11%->90.11%
[1075/2000] LSEJ_006441: max_rounds, rounds=1/1, completion=s1a3_greedy:0, PA 42.98%->43.16%->50.60%->50.60%, AA 73.94%->74.92%->76.20%->76.20%, SRA 88.16%->88.45%->90.12%->90.12%
[1100/2000] LSEJ_006599: max_rounds, rounds=1/1, completion=s1a3_greedy:0, PA 42.55%->42.73%->50.00%->50.00%, AA 73.94%->74.92%->76.18%->76.18%, SRA 88.18%->88.49%->90.13%->90.13%
[1125/2000] LSEJ_006755: max_rounds, rounds=1/1, completion=s1a3_greedy:0, PA 42.04%->42.22%->49.51%->49.51%, AA 73.76%->74.72%->75.97%->75.97%, SRA 88.12%->88.42%->90.08%->90.08%
[1150/2000] LSEJ_006902: no_strict_e1_improvement, rounds=0/1, completion=current:-1, PA 41.57%->41.74%->48.96%->48.96%, AA 73.57%->74.51%->75.80%->75.80%, SRA 88.00%->88.30%->89.96%->89.96%
[1175/2000] LSEJ_007060: no_strict_e1_improvement, rounds=0/1, completion=current:-1, PA 41.53%->41.70%->49.11%->49.11%, AA 73.71%->74.63%->75.90%->75.90%, SRA 88.04%->88.35%->90.00%->90.00%
[1200/2000] LSEJ_007197: no_strict_e1_improvement, rounds=0/1, completion=current:-1, PA 41.50%->41.67%->49.08%->49.08%, AA 73.69%->74.60%->75.84%->75.84%, SRA 87.93%->88.24%->89.86%->89.86%
[1225/2000] LSEJ_007353: max_rounds, rounds=1/1, completion=s1a3_greedy:0, PA 41.39%->41.55%->48.98%->48.98%, AA 73.38%->74.20%->75.43%->75.43%, SRA 87.82%->88.14%->89.73%->89.73%
[1250/2000] LSEJ_007511: no_strict_e1_improvement, rounds=0/1, completion=current:-1, PA 41.04%->41.20%->48.56%->48.56%, AA 73.05%->73.87%->75.08%->75.08%, SRA 87.68%->88.00%->89.58%->89.58%
[1275/2000] LSEJ_007659: max_rounds, rounds=1/1, completion=s1a3_greedy:0, PA 41.02%->41.18%->48.47%->48.47%, AA 73.09%->73.90%->75.08%->75.08%, SRA 87.65%->87.97%->89.53%->89.53%
[1300/2000] LSEJ_007811: max_rounds, rounds=1/1, completion=s1a3_greedy:0, PA 40.69%->40.85%->48.38%->48.38%, AA 73.13%->73.92%->75.10%->75.10%, SRA 87.69%->88.01%->89.59%->89.59%
[1325/2000] LSEJ_007952: max_rounds, rounds=1/1, completion=s1a3_greedy:0, PA 40.68%->40.83%->48.23%->48.23%, AA 72.76%->73.56%->74.74%->74.74%, SRA 87.58%->87.89%->89.47%->89.47%
[1350/2000] LSEJ_008095: no_strict_e1_improvement, rounds=0/1, completion=current:-1, PA 40.81%->40.96%->48.37%->48.37%, AA 72.78%->73.56%->74.72%->74.72%, SRA 87.67%->87.97%->89.53%->89.53%
[1375/2000] LSEJ_008246: no_strict_e1_improvement, rounds=0/1, completion=current:-1, PA 40.65%->40.80%->48.15%->48.15%, AA 72.77%->73.60%->74.75%->74.75%, SRA 87.74%->88.04%->89.59%->89.59%
[1400/2000] LSEJ_008399: no_strict_e1_improvement, rounds=0/1, completion=current:-1, PA 40.43%->40.57%->47.86%->47.86%, AA 72.70%->73.51%->74.65%->74.65%, SRA 87.73%->88.03%->89.56%->89.56%
[1425/2000] LSEJ_008554: no_strict_e1_improvement, rounds=0/1, completion=current:-1, PA 40.49%->40.63%->47.93%->47.93%, AA 72.90%->73.69%->74.82%->74.82%, SRA 87.78%->88.08%->89.62%->89.62%
[1450/2000] LSEJ_008707: no_strict_e1_improvement, rounds=0/1, completion=current:-1, PA 40.21%->40.34%->47.59%->47.59%, AA 72.80%->73.58%->74.73%->74.73%, SRA 87.67%->87.96%->89.49%->89.49%
[1475/2000] LSEJ_008845: no_strict_e1_improvement, rounds=0/1, completion=current:-1, PA 40.27%->40.41%->47.73%->47.73%, AA 72.74%->73.51%->74.66%->74.66%, SRA 87.57%->87.87%->89.40%->89.40%
[1500/2000] LSEJ_008983: max_rounds, rounds=1/1, completion=s1a3_greedy:0, PA 40.27%->40.40%->47.67%->47.67%, AA 72.69%->73.44%->74.61%->74.61%, SRA 87.53%->87.82%->89.37%->89.37%
[1525/2000] LSEJ_009119: max_rounds, rounds=1/1, completion=s1a3_greedy:0, PA 40.20%->40.33%->47.61%->47.61%, AA 72.59%->73.33%->74.49%->74.49%, SRA 87.45%->87.73%->89.28%->89.28%
[1550/2000] LSEJ_009276: no_strict_e1_improvement, rounds=0/1, completion=current:-1, PA 39.87%->40.00%->47.23%->47.23%, AA 72.57%->73.30%->74.47%->74.47%, SRA 87.40%->87.68%->89.22%->89.22%
[1575/2000] LSEJ_009420: max_rounds, rounds=1/1, completion=s1a3_greedy:0, PA 39.56%->39.68%->46.79%->46.79%, AA 72.19%->72.95%->74.14%->74.14%, SRA 87.14%->87.46%->89.02%->89.02%
[1600/2000] LSEJ_009567: max_rounds, rounds=1/1, completion=s1a3_greedy:0, PA 39.44%->39.56%->46.75%->46.75%, AA 72.30%->73.05%->74.27%->74.27%, SRA 87.15%->87.46%->89.04%->89.04%
[1625/2000] LSEJ_009719: partial_completed__no_strict_e1_improvement, rounds=0/1, completion=current:-1, PA 39.32%->39.51%->46.71%->46.71%, AA 72.35%->73.10%->74.34%->74.34%, SRA 87.16%->87.48%->89.06%->89.06%
[1650/2000] LSEJ_009875: no_strict_e1_improvement, rounds=0/1, completion=current:-1, PA 39.39%->39.58%->46.67%->46.67%, AA 72.25%->72.98%->74.24%->74.24%, SRA 87.13%->87.46%->89.05%->89.05%
[1675/2000] LSEJ_010016: max_rounds, rounds=1/1, completion=s1a3_greedy:0, PA 39.10%->39.28%->46.33%->46.33%, AA 72.16%->72.90%->74.15%->74.15%, SRA 87.04%->87.38%->88.94%->88.94%
[1700/2000] LSEJ_010182: max_rounds, rounds=1/1, completion=s1a3_greedy:0, PA 39.18%->39.35%->46.41%->46.41%, AA 72.28%->73.01%->74.26%->74.26%, SRA 87.08%->87.42%->88.98%->88.98%
[1725/2000] LSEJ_010336: max_rounds, rounds=1/1, completion=s1a3_greedy:0, PA 39.07%->39.25%->46.26%->46.26%, AA 72.15%->72.87%->74.14%->74.14%, SRA 86.96%->87.30%->88.88%->88.88%
[1750/2000] LSEJ_010488: max_rounds, rounds=1/1, completion=s1a3_greedy:0, PA 38.97%->39.14%->46.23%->46.23%, AA 72.06%->72.72%->74.01%->74.01%, SRA 86.81%->87.17%->88.76%->88.76%
[1775/2000] LSEJ_010645: max_rounds, rounds=1/1, completion=s1a3_greedy:0, PA 38.59%->38.76%->45.80%->45.80%, AA 71.82%->72.48%->73.79%->73.79%, SRA 86.67%->87.04%->88.63%->88.63%
[1800/2000] LSEJ_010800: no_strict_e1_improvement, rounds=0/1, completion=current:-1, PA 38.11%->38.28%->45.33%->45.33%, AA 71.58%->72.23%->73.52%->73.52%, SRA 86.46%->86.82%->88.42%->88.42%
[1825/2000] LSEJ_010953: no_strict_e1_improvement, rounds=0/1, completion=current:-1, PA 38.58%->38.74%->45.75%->45.75%, AA 71.71%->72.35%->73.64%->73.64%, SRA 86.59%->86.95%->88.54%->88.54%
[1850/2000] LSEJ_011099: no_strict_e1_improvement, rounds=0/1, completion=current:-1, PA 38.76%->38.92%->46.00%->46.00%, AA 71.90%->72.53%->73.81%->73.81%, SRA 86.71%->87.06%->88.66%->88.66%
[1875/2000] LSEJ_011254: partial_completed__no_strict_e1_improvement, rounds=0/1, completion=current:-1, PA 38.99%->39.15%->46.29%->46.29%, AA 71.93%->72.55%->73.83%->73.83%, SRA 86.82%->87.18%->88.78%->88.78%
[1900/2000] LSEJ_011404: no_strict_e1_improvement, rounds=0/1, completion=current:-1, PA 39.00%->39.16%->46.37%->46.37%, AA 71.94%->72.55%->73.84%->73.84%, SRA 86.81%->87.17%->88.77%->88.77%
[1925/2000] LSEJ_011553: max_rounds, rounds=1/1, completion=s1a3_greedy:0, PA 38.91%->39.06%->46.23%->46.23%, AA 71.88%->72.49%->73.78%->73.78%, SRA 86.75%->87.10%->88.72%->88.72%
[1950/2000] LSEJ_011700: max_rounds, rounds=1/1, completion=s1a3_greedy:0, PA 38.51%->38.67%->45.85%->45.85%, AA 71.62%->72.24%->73.58%->73.58%, SRA 86.59%->86.94%->88.57%->88.57%
[1975/2000] LSEJ_011843: no_strict_e1_improvement, rounds=0/1, completion=current:-1, PA 38.78%->38.94%->46.13%->46.13%, AA 71.85%->72.46%->73.80%->73.80%, SRA 86.68%->87.02%->88.65%->88.65%
[2000/2000] LSEJ_011998: max_rounds, rounds=1/1, completion=s1a3_greedy:0, PA 39.20%->39.35%->46.65%->46.65%, AA 72.09%->72.70%->74.03%->74.03%, SRA 86.79%->87.13%->88.75%->88.75%
device: cuda:0
Final PA (Gallagher -> completion -> S1A3 -> S1A4): 39.2000% -> 39.3500% -> 46.6500% -> 46.6500%
Final AA (Gallagher -> completion -> S1A3 -> S1A4): 72.0925% -> 72.6955% -> 74.0315% -> 74.0315%
Final SRA (Gallagher -> completion -> S1A3 -> S1A4): 86.7869% -> 87.1269% -> 88.7517% -> 88.7517%
Partial completion diagnostics: {'beam_width': 2, 'applied_samples': 108, 'failed_samples': 0, 'complete_after_completion': 2000, 'repaired_to_perfect': 3, 'improved_puzzles': 57, 'damaged_puzzles': 9}
Search diagnostics: {'evaluated_poses': 2000, 'recorded_pose_rows': 1210, 'evaluated_completion_hypotheses': 2000, 'recorded_completion_rows': 0, 'pose_diagnostics_complete': False, 'poses_improved_over_s1a3_greedy': 0, 'selected_non_greedy_poses': 0}
Saved: /data/yecx/Jigsaw_Puzzles_V2/s1_based_on_metric_learning/eval_result/s1a4_ablation_experiment/table5_20260831_151109_138601/runs/lsej/reliability_destroy_fixed_b1

finished_at: 2026-08-31T15:27:31+08:00
return_code: 0
elapsed_seconds: 982.378
